# compiler: R8
# compiler_version: 8.1.65
# common_typos_disable
# {"id":"com.android.tools.r8.mapping","version":"2.2"}
# pg_map_id: 09ce8be
# pg_map_hash: SHA-256 09ce8bef7f6e4faf4fe335d66ffb18b99bef73998ad779fed31cff6bc45c6ecc
com.repocket.androidsdk.P2P.MainSocket -> com.repocket.androidsdk.m:
# {"id":"sourceFile","fileName":"MainSocket.java"}
    int _port -> a
    int _socketReqHandlerPort -> b
    java.lang.String _ip -> c
    java.lang.String _peerId -> d
    java.lang.String _token -> e
    java.lang.String _userId -> f
    com.repocket.androidsdk.P2P.RPSocket _mainSocket -> g
    byte[] _buffer -> h
    com.repocket.androidsdk.shared.Debouncer _resetConnectionDebouncer -> i
    boolean _isReconnecting -> j
    boolean _onConnectionEstablishedEventFired -> k
    boolean _peerCloseWithError -> l
    com.repocket.androidsdk.shared.EventHandler SocketConnectionFailed -> m
    com.repocket.androidsdk.shared.EventHandler ConnectionEstablished -> n
    com.repocket.androidsdk.shared.EventHandler SocketConnectionClose -> o
    1:1:void <init>(int,java.lang.String,java.lang.String,java.lang.String,java.lang.String,int):34:34 -> <init>
      # {"id":"com.android.tools.r8.residualsignature","signature":"(IILjava/lang/String;Ljava/lang/String;Ljava/lang/String;Ljava/lang/String;)V"}
    2:15:void <init>(int,java.lang.String,java.lang.String,java.lang.String,java.lang.String,int):30:43 -> <init>
    1:7:boolean Connect():48:54 -> a
    8:10:void com.repocket.androidsdk.P2P.MainSocket.EnableKeepAlive(java.net.Socket):69:71 -> a
    8:10:boolean Connect():54 -> a
    11:18:boolean Connect():55:62 -> a
    19:67:void HandleRead(byte[]):131:179 -> a
    68:71:void InitRequestSocketHandler(java.lang.String):185:188 -> a
    72:72:java.util.function.Consumer com.repocket.androidsdk.shared.EventHandler.addListener(java.util.function.Consumer):11:11 -> a
    72:72:void InitRequestSocketHandler(java.lang.String):188 -> a
      # {"id":"com.android.tools.r8.rewriteFrame","conditions":["throws(Ljava/lang/NullPointerException;)"],"actions":["removeInnerFrames(1)"]}
    73:73:java.util.function.Consumer com.repocket.androidsdk.shared.EventHandler.addListener(java.util.function.Consumer):11:11 -> a
    73:73:void InitRequestSocketHandler(java.lang.String):188 -> a
    74:74:void InitRequestSocketHandler(java.lang.String):197:197 -> a
    75:75:java.util.function.Consumer com.repocket.androidsdk.shared.EventHandler.addListener(java.util.function.Consumer):11:11 -> a
    75:75:void InitRequestSocketHandler(java.lang.String):197 -> a
      # {"id":"com.android.tools.r8.rewriteFrame","conditions":["throws(Ljava/lang/NullPointerException;)"],"actions":["removeInnerFrames(1)"]}
    76:76:java.util.function.Consumer com.repocket.androidsdk.shared.EventHandler.addListener(java.util.function.Consumer):11:11 -> a
    76:76:void InitRequestSocketHandler(java.lang.String):197 -> a
    77:77:void InitRequestSocketHandler(java.lang.String):207:207 -> a
    78:82:void lambda$InitRequestSocketHandler$2(java.lang.String,java.lang.String):189:193 -> a
    83:84:void com.repocket.androidsdk.P2P.MainSocket.ResetConnectionTimer_Elapsed():220:221 -> a
    83:84:void lambda$new$0(java.lang.Object):43 -> a
    85:87:void com.repocket.androidsdk.P2P.MainSocket.EnableKeepAlive(java.net.Socket):69:71 -> a
    85:87:void com.repocket.androidsdk.P2P.MainSocket.ResetConnectionTimer_Elapsed():222 -> a
    85:87:void lambda$new$0(java.lang.Object):43 -> a
    88:109:void com.repocket.androidsdk.P2P.MainSocket.ResetConnectionTimer_Elapsed():224:245 -> a
    88:109:void lambda$new$0(java.lang.Object):43 -> a
    1:13:void OnClose():114:126 -> b
    14:19:void lambda$InitRequestSocketHandler$3(java.lang.String,java.lang.String):198:203 -> b
    1:5:void OnMainSocketCloseWithError():211:215 -> c
    1:22:void ReceiveData():88:109 -> d
    1:1:void lambda$Connect$1():56:56 -> e
com.repocket.androidsdk.P2P.RPSocket -> com.repocket.androidsdk.d0:
# {"id":"sourceFile","fileName":"RPSocket.java"}
    int RetryConnectionCounter -> a
    1:5:void <init>():16:20 -> <init>
com.repocket.androidsdk.P2P.ReqHandlerSocket -> com.repocket.androidsdk.e0:
# {"id":"sourceFile","fileName":"ReqHandlerSocket.java"}
    1:5:void <init>():16:20 -> <init>
com.repocket.androidsdk.P2P.RequestHandlerSocket -> com.repocket.androidsdk.f0:
# {"id":"sourceFile","fileName":"RequestHandlerSocket.java"}
    byte[] _buffer -> a
    java.lang.String _ip -> b
    java.lang.String _peerId -> c
    int _port -> d
    java.lang.String _reqId -> e
    boolean _isSocks5Req -> f
    com.repocket.androidsdk.P2P.ReqHandlerSocket _socket -> g
    com.repocket.androidsdk.P2P.TargetSocket _targetSocket -> h
    com.repocket.androidsdk.shared.EventHandler TargetWebsiteError -> i
    com.repocket.androidsdk.shared.EventHandler SocketConnectionFailed -> j
    1:1:void <init>(java.lang.String,int,java.lang.String,java.lang.String):33:33 -> <init>
    2:11:void <init>(java.lang.String,int,java.lang.String,java.lang.String):30:39 -> <init>
    1:27:void HandleRead(byte[]):103:129 -> a
    28:35:void com.repocket.androidsdk.P2P.SocketHelper.writeToSocket(java.net.Socket,byte[]):15:22 -> a
    28:35:void HandleRead(byte[]):129 -> a
    36:41:void HandleRead(byte[]):131:136 -> a
    42:42:boolean com.repocket.androidsdk.P2P.RequestHandlerSocket.IsSocks5Request(byte[]):171:171 -> a
    42:42:void HandleRead(byte[]):140 -> a
    43:44:void HandleRead(byte[]):142:143 -> a
    45:48:void com.repocket.androidsdk.P2P.socks5.Socket5Handler.handle(byte[]):36:39 -> a
    45:48:void HandleRead(byte[]):144 -> a
    49:49:void com.repocket.androidsdk.P2P.socks5.Socket5Handler.reply(byte):160:160 -> a
    49:49:void com.repocket.androidsdk.P2P.socks5.Socket5Handler.handle(byte[]):40 -> a
    49:49:void HandleRead(byte[]):144 -> a
    50:70:void com.repocket.androidsdk.P2P.socks5.Socket5Handler.handle(byte[]):41:61 -> a
    50:70:void HandleRead(byte[]):144 -> a
    71:71:void com.repocket.androidsdk.P2P.socks5.Socket5Handler.reply(byte):160:160 -> a
    71:71:void com.repocket.androidsdk.P2P.socks5.Socket5Handler.handle(byte[]):62 -> a
    71:71:void HandleRead(byte[]):144 -> a
    72:72:void com.repocket.androidsdk.P2P.socks5.Socket5Handler.handle(byte[]):63:63 -> a
    72:72:void HandleRead(byte[]):144 -> a
    73:75:void com.repocket.androidsdk.P2P.socks5.Socket5Handler.handle(byte[]):56:58 -> a
    73:75:void HandleRead(byte[]):144 -> a
    76:76:void com.repocket.androidsdk.P2P.socks5.Socket5Handler.handle(byte[]):51:51 -> a
    76:76:void HandleRead(byte[]):144 -> a
    77:77:void com.repocket.androidsdk.P2P.socks5.Socket5Handler.reply(byte):160:160 -> a
    77:77:void com.repocket.androidsdk.P2P.socks5.Socket5Handler.handle(byte[]):52 -> a
    77:77:void HandleRead(byte[]):144 -> a
    78:78:void com.repocket.androidsdk.P2P.socks5.Socket5Handler.handle(byte[]):53:53 -> a
    78:78:void HandleRead(byte[]):144 -> a
    79:79:void com.repocket.androidsdk.P2P.socks5.Socket5Handler.handle(byte[]):47:47 -> a
    79:79:void HandleRead(byte[]):144 -> a
    80:122:void com.repocket.androidsdk.P2P.socks5.Socket5Handler.handleConnectCommand(byte[]):69:111 -> a
    80:122:void com.repocket.androidsdk.P2P.socks5.Socket5Handler.handle(byte[]):48 -> a
    80:122:void HandleRead(byte[]):144 -> a
    123:123:void com.repocket.androidsdk.P2P.socks5.Socket5Handler.reply(byte):160:160 -> a
    123:123:void com.repocket.androidsdk.P2P.socks5.Socket5Handler.handleConnectCommand(byte[]):112 -> a
    123:123:void com.repocket.androidsdk.P2P.socks5.Socket5Handler.handle(byte[]):48 -> a
    123:123:void HandleRead(byte[]):144 -> a
    124:124:void com.repocket.androidsdk.P2P.socks5.Socket5Handler.handleConnectCommand(byte[]):113:113 -> a
    124:124:void com.repocket.androidsdk.P2P.socks5.Socket5Handler.handle(byte[]):48 -> a
    124:124:void HandleRead(byte[]):144 -> a
    125:131:void com.repocket.androidsdk.P2P.socks5.Socket5Handler.handleConnectCommand(byte[]):101:107 -> a
    125:131:void com.repocket.androidsdk.P2P.socks5.Socket5Handler.handle(byte[]):48 -> a
    125:131:void HandleRead(byte[]):144 -> a
    132:140:void com.repocket.androidsdk.P2P.socks5.Socket5Handler.handleConnectCommand(byte[]):87:95 -> a
    132:140:void com.repocket.androidsdk.P2P.socks5.Socket5Handler.handle(byte[]):48 -> a
    132:140:void HandleRead(byte[]):144 -> a
    141:141:void com.repocket.androidsdk.P2P.socks5.Socket5Handler.reply(byte):160:160 -> a
    141:141:void com.repocket.androidsdk.P2P.socks5.Socket5Handler.handleConnectCommand(byte[]):96 -> a
    141:141:void com.repocket.androidsdk.P2P.socks5.Socket5Handler.handle(byte[]):48 -> a
    141:141:void HandleRead(byte[]):144 -> a
    142:142:void com.repocket.androidsdk.P2P.socks5.Socket5Handler.handleConnectCommand(byte[]):97:97 -> a
    142:142:void com.repocket.androidsdk.P2P.socks5.Socket5Handler.handle(byte[]):48 -> a
    142:142:void HandleRead(byte[]):144 -> a
    143:147:void com.repocket.androidsdk.P2P.socks5.Socket5Handler.handleConnectCommand(byte[]):79:83 -> a
    143:147:void com.repocket.androidsdk.P2P.socks5.Socket5Handler.handle(byte[]):48 -> a
    143:147:void HandleRead(byte[]):144 -> a
    148:149:void HandleRead(byte[]):138:139 -> a
    150:158:void CloseSockets() -> a
    159:159:java.lang.Object lambda$HttpProtocolHandler$1(java.util.Map$Entry):192:192 -> a
    160:160:void lambda$HttpProtocolHandler$2(java.lang.Exception):196:196 -> a
    161:197:java.util.Map com.repocket.androidsdk.P2P.RequestHandlerSocket.ParseHttpRequest(java.lang.String):208:244 -> a
    161:197:void HttpProtocolHandler(java.lang.String,byte[]):179 -> a
    198:209:void HttpProtocolHandler(java.lang.String,byte[]):185:196 -> a
    210:210:java.util.function.Consumer com.repocket.androidsdk.shared.EventHandler.addListener(java.util.function.Consumer):11:11 -> a
    210:210:void HttpProtocolHandler(java.lang.String,byte[]):196 -> a
      # {"id":"com.android.tools.r8.rewriteFrame","conditions":["throws(Ljava/lang/NullPointerException;)"],"actions":["removeInnerFrames(1)"]}
    211:211:java.util.function.Consumer com.repocket.androidsdk.shared.EventHandler.addListener(java.util.function.Consumer):11:11 -> a
    211:211:void HttpProtocolHandler(java.lang.String,byte[]):196 -> a
    212:214:void HttpProtocolHandler(java.lang.String,byte[]):198:200 -> a
    1:16:void Connect():44:59 -> b
    1:18:void ReceiveData():81:98 -> c
    1:1:void lambda$Connect$0():53:53 -> d
com.repocket.androidsdk.P2P.SocketHelper -> R8$$REMOVED$$CLASS$$0:
# {"id":"sourceFile","fileName":"SocketHelper.java"}
com.repocket.androidsdk.P2P.TargetSocket -> com.repocket.androidsdk.i0:
# {"id":"sourceFile","fileName":"TargetSocket.java"}
    byte[] buffer -> a
    byte[] receivedBuffer -> b
    java.util.Map request -> c
    java.net.Socket requestHandlerSocket -> d
    java.net.Socket socket -> e
    com.repocket.androidsdk.shared.EventHandler targetWebsiteError -> f
    1:1:void <init>(java.net.Socket,java.util.Map,byte[]):26:26 -> <init>
      # {"id":"com.android.tools.r8.residualsignature","signature":"(Lcom/repocket/androidsdk/e0;Ljava/util/Map;[B)V"}
    2:8:void <init>(java.net.Socket,java.util.Map,byte[]):24:30 -> <init>
    1:16:void ReceiveData():109:124 -> a
    17:22:void com.repocket.androidsdk.P2P.TargetSocket.onError(java.lang.Exception):132:137 -> a
    17:22:void ReceiveData():127 -> a
    1:13:void close():92:104 -> b
    1:12:void connect():34:45 -> c
    13:13:boolean com.repocket.androidsdk.P2P.TargetSocket.isHttps():66:66 -> c
    13:13:void connect():47 -> c
    14:16:void connect():48:50 -> c
    17:17:boolean com.repocket.androidsdk.P2P.TargetSocket.isHttps():66:66 -> c
    17:17:void connect():53 -> c
    18:24:void connect():55:61 -> c
    1:3:void lambda$close$1():98:100 -> d
    1:1:void lambda$connect$0():44:44 -> e
com.repocket.androidsdk.P2P.socks5.Socket5Handler -> com.repocket.androidsdk.h0:
# {"id":"sourceFile","fileName":"Socket5Handler.java"}
    java.net.Socket reqHandlerSocket -> a
    byte[] reqHandlerBuffer -> b
    byte[] proxyBuffer -> c
    java.net.Socket proxySocket -> d
    1:1:void <init>(java.net.Socket,int,java.lang.String,java.lang.String):26:26 -> <init>
      # {"id":"com.android.tools.r8.residualsignature","signature":"(Lcom/repocket/androidsdk/e0;)V"}
    2:10:void <init>(java.net.Socket,int,java.lang.String,java.lang.String):24:32 -> <init>
    1:1:void createConnection(java.lang.String,int,int):120:120 -> a
    2:2:void com.repocket.androidsdk.P2P.socks5.Socket5Handler.reply(byte):160:160 -> a
    2:2:void createConnection(java.lang.String,int,int):121 -> a
    3:36:void createConnection(java.lang.String,int,int):122:155 -> a
    37:51:void reply(byte,java.net.InetSocketAddress):166:180 -> a
    52:54:void closeSocket(java.net.Socket):186:188 -> a
com.repocket.androidsdk.RepocketSDK -> com.repocket.androidsdk.RepocketSDK:
# {"id":"sourceFile","fileName":"RepocketSDK.java"}
    java.lang.String _sdkApiKey -> a
    com.repocket.androidsdk.services.PeerService _peerService -> b
    1:1:void <init>():15:15 -> <init>
    1:1:void CreatePeer():38:38 -> CreatePeer
    1:1:void Initialize(android.content.Context,java.lang.String):22:22 -> Initialize
    2:5:com.repocket.androidsdk.shared.NetworkCheck com.repocket.androidsdk.shared.NetworkCheck.instance():27:30 -> Initialize
    2:5:void Initialize(android.content.Context,java.lang.String):24 -> Initialize
    6:6:void com.repocket.androidsdk.shared.NetworkCheck.setContext(android.content.Context):34:34 -> Initialize
    6:6:void Initialize(android.content.Context,java.lang.String):24 -> Initialize
      # {"id":"com.android.tools.r8.rewriteFrame","conditions":["throws(Ljava/lang/NullPointerException;)"],"actions":["removeInnerFrames(1)"]}
    7:7:void com.repocket.androidsdk.shared.NetworkCheck.setContext(android.content.Context):35:35 -> Initialize
    7:7:void Initialize(android.content.Context,java.lang.String):24 -> Initialize
    8:9:void Initialize(android.content.Context,java.lang.String):26:27 -> Initialize
    10:10:void com.repocket.androidsdk.shared.MyPlayerPrefs.SetString(java.lang.String,java.lang.String):19:19 -> Initialize
    10:10:void Initialize(android.content.Context,java.lang.String):27 -> Initialize
    11:12:void Initialize(android.content.Context,java.lang.String):29:30 -> Initialize
    13:13:java.util.function.Consumer com.repocket.androidsdk.shared.EventHandler.addListener(java.util.function.Consumer):11:11 -> Initialize
    13:13:void Initialize(android.content.Context,java.lang.String):30 -> Initialize
      # {"id":"com.android.tools.r8.rewriteFrame","conditions":["throws(Ljava/lang/NullPointerException;)"],"actions":["removeInnerFrames(1)"]}
    14:14:java.util.function.Consumer com.repocket.androidsdk.shared.EventHandler.addListener(java.util.function.Consumer):11:11 -> Initialize
    14:14:void Initialize(android.content.Context,java.lang.String):30 -> Initialize
    15:15:void Initialize(android.content.Context,java.lang.String):31:31 -> Initialize
    16:16:java.util.function.Consumer com.repocket.androidsdk.shared.EventHandler.addListener(java.util.function.Consumer):11:11 -> Initialize
    16:16:void Initialize(android.content.Context,java.lang.String):31 -> Initialize
      # {"id":"com.android.tools.r8.rewriteFrame","conditions":["throws(Ljava/lang/NullPointerException;)"],"actions":["removeInnerFrames(1)"]}
    17:17:java.util.function.Consumer com.repocket.androidsdk.shared.EventHandler.addListener(java.util.function.Consumer):11:11 -> Initialize
    17:17:void Initialize(android.content.Context,java.lang.String):31 -> Initialize
    18:18:void Initialize(android.content.Context,java.lang.String):32:32 -> Initialize
    19:19:java.util.function.Consumer com.repocket.androidsdk.shared.EventHandler.addListener(java.util.function.Consumer):11:11 -> Initialize
    19:19:void Initialize(android.content.Context,java.lang.String):32 -> Initialize
      # {"id":"com.android.tools.r8.rewriteFrame","conditions":["throws(Ljava/lang/NullPointerException;)"],"actions":["removeInnerFrames(1)"]}
    20:20:java.util.function.Consumer com.repocket.androidsdk.shared.EventHandler.addListener(java.util.function.Consumer):11:11 -> Initialize
    20:20:void Initialize(android.content.Context,java.lang.String):32 -> Initialize
    21:21:void Initialize(android.content.Context,java.lang.String):33:33 -> Initialize
    22:22:java.util.function.Consumer com.repocket.androidsdk.shared.EventHandler.addListener(java.util.function.Consumer):11:11 -> Initialize
    22:22:void Initialize(android.content.Context,java.lang.String):33 -> Initialize
      # {"id":"com.android.tools.r8.rewriteFrame","conditions":["throws(Ljava/lang/NullPointerException;)"],"actions":["removeInnerFrames(1)"]}
    23:23:java.util.function.Consumer com.repocket.androidsdk.shared.EventHandler.addListener(java.util.function.Consumer):11:11 -> Initialize
    23:23:void Initialize(android.content.Context,java.lang.String):33 -> Initialize
    1:1:void StopPeer():43:43 -> StopPeer
    1:1:void lambda$Initialize$0(java.lang.Object):30:30 -> a
    2:2:void lambda$CreatePeer$4():38:38 -> a
    1:1:void lambda$Initialize$1(java.lang.Object):31:31 -> b
    1:1:void lambda$Initialize$2(java.lang.Object):32:32 -> c
    1:1:void lambda$Initialize$3(java.lang.Object):33:33 -> d
com.repocket.androidsdk.classes.ConnectionMonitor -> com.repocket.androidsdk.d:
# {"id":"sourceFile","fileName":"ConnectionMonitor.java"}
    java.util.Timer timer -> a
    int duration -> b
    1:7:void <init>():11:17 -> <init>
    1:2:boolean com.repocket.androidsdk.classes.ConnectionMonitor.checkInternet():74:75 -> a
    1:2:boolean checkConnection():66 -> a
com.repocket.androidsdk.classes.ConnectionMonitor$1 -> com.repocket.androidsdk.c:
# {"id":"sourceFile","fileName":"ConnectionMonitor.java"}
    java.lang.Runnable val$onConnectionDeactivate -> a
    java.lang.Runnable val$onConnectionActive -> b
    com.repocket.androidsdk.classes.ConnectionMonitor this$0 -> c
    1:1:void <init>(com.repocket.androidsdk.classes.ConnectionMonitor,java.lang.Runnable,java.lang.Runnable):30:30 -> <init>
      # {"id":"com.android.tools.r8.residualsignature","signature":"(Lcom/repocket/androidsdk/d;Ljava/lang/Runnable;Ljava/lang/Runnable;)V"}
    1:1:void run():33:33 -> run
    2:2:void com.repocket.androidsdk.classes.ConnectionMonitor.access$000(com.repocket.androidsdk.classes.ConnectionMonitor,java.lang.Runnable,java.lang.Runnable):11:11 -> run
    2:2:void run():33 -> run
    3:14:void com.repocket.androidsdk.classes.ConnectionMonitor.monitorHandler(java.lang.Runnable,java.lang.Runnable):49:60 -> run
    3:14:void com.repocket.androidsdk.classes.ConnectionMonitor.access$000(com.repocket.androidsdk.classes.ConnectionMonitor,java.lang.Runnable,java.lang.Runnable):11 -> run
    3:14:void run():33 -> run
com.repocket.androidsdk.classes.PeerMonitor -> com.repocket.androidsdk.t:
# {"id":"sourceFile","fileName":"PeerMonitor.java"}
    java.lang.String configVersionToken -> a
    java.util.Timer interval -> b
    java.lang.String peerId -> c
    java.lang.String userId -> d
    1:1:void <init>():17:17 -> <init>
    1:59:void com.repocket.androidsdk.classes.PeerMonitor.monitorHandler(java.lang.Runnable,java.lang.Runnable,java.lang.Runnable):0:58 -> a
    1:59:void access$000(com.repocket.androidsdk.classes.PeerMonitor,java.lang.Runnable,java.lang.Runnable,java.lang.Runnable):17 -> a
      # {"id":"com.android.tools.r8.residualsignature","signature":"(Lcom/repocket/androidsdk/t;Ljava/lang/Runnable;Ljava/lang/Runnable;Ljava/lang/Runnable;)V"}
    60:60:void com.repocket.androidsdk.classes.PeerMonitor.monitorHandler(java.lang.Runnable,java.lang.Runnable,java.lang.Runnable):58:58 -> a
    60:60:void access$000(com.repocket.androidsdk.classes.PeerMonitor,java.lang.Runnable,java.lang.Runnable,java.lang.Runnable):17 -> a
      # {"id":"com.android.tools.r8.rewriteFrame","conditions":["throws(Ljava/lang/NullPointerException;)"],"actions":["removeInnerFrames(1)"]}
    61:63:void com.repocket.androidsdk.classes.PeerMonitor.monitorHandler(java.lang.Runnable,java.lang.Runnable,java.lang.Runnable):58:60 -> a
    61:63:void access$000(com.repocket.androidsdk.classes.PeerMonitor,java.lang.Runnable,java.lang.Runnable,java.lang.Runnable):17 -> a
    64:80:java.lang.String com.repocket.androidsdk.shared.Utils.getToken():163:179 -> a
    64:80:void com.repocket.androidsdk.classes.PeerMonitor.monitorHandler(java.lang.Runnable,java.lang.Runnable,java.lang.Runnable):60 -> a
    64:80:void access$000(com.repocket.androidsdk.classes.PeerMonitor,java.lang.Runnable,java.lang.Runnable,java.lang.Runnable):17 -> a
    81:96:void com.repocket.androidsdk.classes.PeerMonitor.monitorHandler(java.lang.Runnable,java.lang.Runnable,java.lang.Runnable):61:76 -> a
    81:96:void access$000(com.repocket.androidsdk.classes.PeerMonitor,java.lang.Runnable,java.lang.Runnable,java.lang.Runnable):17 -> a
    97:97:java.lang.Object com.repocket.androidsdk.shared.Utils.fromJson(java.lang.String,java.lang.Class):202:202 -> a
    97:97:void com.repocket.androidsdk.classes.PeerMonitor.monitorHandler(java.lang.Runnable,java.lang.Runnable,java.lang.Runnable):76 -> a
    97:97:void access$000(com.repocket.androidsdk.classes.PeerMonitor,java.lang.Runnable,java.lang.Runnable,java.lang.Runnable):17 -> a
    98:103:void com.repocket.androidsdk.classes.PeerMonitor.monitorHandler(java.lang.Runnable,java.lang.Runnable,java.lang.Runnable):76:81 -> a
    98:103:void access$000(com.repocket.androidsdk.classes.PeerMonitor,java.lang.Runnable,java.lang.Runnable,java.lang.Runnable):17 -> a
    104:108:void com.repocket.androidsdk.classes.PeerMonitor.stop():49:53 -> a
    104:108:void com.repocket.androidsdk.classes.PeerMonitor.monitorHandler(java.lang.Runnable,java.lang.Runnable,java.lang.Runnable):82 -> a
    104:108:void access$000(com.repocket.androidsdk.classes.PeerMonitor,java.lang.Runnable,java.lang.Runnable,java.lang.Runnable):17 -> a
    109:112:void com.repocket.androidsdk.classes.PeerMonitor.monitorHandler(java.lang.Runnable,java.lang.Runnable,java.lang.Runnable):84:87 -> a
    109:112:void access$000(com.repocket.androidsdk.classes.PeerMonitor,java.lang.Runnable,java.lang.Runnable,java.lang.Runnable):17 -> a
    113:117:void com.repocket.androidsdk.classes.PeerMonitor.stop():49:53 -> a
    113:117:void com.repocket.androidsdk.classes.PeerMonitor.monitorHandler(java.lang.Runnable,java.lang.Runnable,java.lang.Runnable):88 -> a
    113:117:void access$000(com.repocket.androidsdk.classes.PeerMonitor,java.lang.Runnable,java.lang.Runnable,java.lang.Runnable):17 -> a
    118:118:void com.repocket.androidsdk.classes.PeerMonitor.monitorHandler(java.lang.Runnable,java.lang.Runnable,java.lang.Runnable):91:91 -> a
    118:118:void access$000(com.repocket.androidsdk.classes.PeerMonitor,java.lang.Runnable,java.lang.Runnable,java.lang.Runnable):17 -> a
com.repocket.androidsdk.classes.PeerMonitor$1 -> com.repocket.androidsdk.s:
# {"id":"sourceFile","fileName":"PeerMonitor.java"}
    java.lang.Runnable val$peerDeactivate -> a
    java.lang.Runnable val$credentialsMissing -> b
    java.lang.Runnable val$peerActive -> c
    com.repocket.androidsdk.classes.PeerMonitor this$0 -> d
    1:1:void <init>(com.repocket.androidsdk.classes.PeerMonitor,java.lang.Runnable,java.lang.Runnable,java.lang.Runnable):39:39 -> <init>
      # {"id":"com.android.tools.r8.residualsignature","signature":"(Lcom/repocket/androidsdk/t;Ljava/lang/Runnable;Ljava/lang/Runnable;Ljava/lang/Runnable;)V"}
    1:1:void run():42:42 -> run
com.repocket.androidsdk.classes.VPNWatcher -> com.repocket.androidsdk.l0:
# {"id":"sourceFile","fileName":"VPNWatcher.java"}
    boolean isRunning -> a
    java.util.Timer timer -> b
    1:1:void <init>():13:13 -> <init>
    1:2:void lambda$vpnIntervalHandler$0(java.util.function.Supplier,java.lang.Boolean):59:60 -> a
    3:10:java.util.concurrent.CompletableFuture com.repocket.androidsdk.classes.VPNWatcher.isVpnActive():69:76 -> a
    3:10:void vpnIntervalHandler(java.util.function.Supplier):57 -> a
    11:11:void vpnIntervalHandler(java.util.function.Supplier):58:58 -> a
com.repocket.androidsdk.classes.VPNWatcher$1 -> com.repocket.androidsdk.k0:
# {"id":"sourceFile","fileName":"VPNWatcher.java"}
    java.lang.Runnable val$onVpnActivated -> a
    com.repocket.androidsdk.classes.VPNWatcher this$0 -> b
    1:1:void <init>(com.repocket.androidsdk.classes.VPNWatcher,java.lang.Runnable):32:32 -> <init>
      # {"id":"com.android.tools.r8.residualsignature","signature":"(Lcom/repocket/androidsdk/l0;Ljava/lang/Runnable;)V"}
    1:2:java.util.concurrent.CompletableFuture lambda$run$0(java.lang.Runnable):36:37 -> a
    1:1:void run():35:35 -> run
    2:2:void com.repocket.androidsdk.classes.VPNWatcher.access$000(com.repocket.androidsdk.classes.VPNWatcher,java.util.function.Supplier):13:13 -> run
    2:2:void run():35 -> run
com.repocket.androidsdk.services.ApiService -> com.repocket.androidsdk.a:
# {"id":"sourceFile","fileName":"ApiService.java"}
    java.lang.String _baseApi -> a
    com.repocket.androidsdk.services.HttpService _httpService -> b
    1:5:void <init>(java.lang.String,java.util.Map):16:20 -> <init>
      # {"id":"com.android.tools.r8.residualsignature","signature":"(Ljava/util/HashMap;)V"}
    1:1:okhttp3.Response Get(java.lang.String,java.util.Map):24:24 -> a
      # {"id":"com.android.tools.r8.residualsignature","signature":"(Ljava/lang/String;)Lokhttp3/Response;"}
    2:5:okhttp3.Response com.repocket.androidsdk.services.HttpService.GetAsync(java.lang.String,java.util.Map):65:68 -> a
    2:5:okhttp3.Response Get(java.lang.String,java.util.Map):24 -> a
    6:8:okhttp3.Response com.repocket.androidsdk.services.HttpService.handleResponse(okhttp3.Request):131:133 -> a
    6:8:okhttp3.Response com.repocket.androidsdk.services.HttpService.GetAsync(java.lang.String,java.util.Map):69 -> a
    6:8:okhttp3.Response Get(java.lang.String,java.util.Map):24 -> a
    9:9:okhttp3.Response Delete(java.lang.String,java.util.Map):36:36 -> a
      # {"id":"com.android.tools.r8.residualsignature","signature":"(Lcom/repocket/androidsdk/a0;)V"}
    10:14:okhttp3.Response com.repocket.androidsdk.services.HttpService.DeleteAsync(java.lang.String,java.lang.Object):91:95 -> a
    10:14:okhttp3.Response Delete(java.lang.String,java.util.Map):36 -> a
    15:17:okhttp3.Response com.repocket.androidsdk.services.HttpService.handleResponse(okhttp3.Request):131:133 -> a
    15:17:okhttp3.Response com.repocket.androidsdk.services.HttpService.DeleteAsync(java.lang.String,java.lang.Object):96 -> a
    15:17:okhttp3.Response Delete(java.lang.String,java.util.Map):36 -> a
com.repocket.androidsdk.services.HttpService -> com.repocket.androidsdk.l:
# {"id":"sourceFile","fileName":"HttpService.java"}
    okhttp3.OkHttpClient httpClient -> a
    java.lang.String accessToken -> b
    java.lang.String peerToken -> c
    com.repocket.androidsdk.types.Types$RuntimeInfo runtimeInfo -> d
    java.lang.String sdkApiKey -> e
    1:20:void <init>():32:51 -> <init>
    1:3:okhttp3.Response lambda$new$0(okhttp3.Interceptor$Chain):38:40 -> a
    4:28:void com.repocket.androidsdk.services.HttpService.addHeaders(okhttp3.Request$Builder):100:124 -> a
    4:28:okhttp3.Response lambda$new$0(okhttp3.Interceptor$Chain):41 -> a
    29:30:okhttp3.Response lambda$new$0(okhttp3.Interceptor$Chain):42:43 -> a
    31:31:boolean isEmpty(java.lang.String):185:185 -> a
com.repocket.androidsdk.services.P2PService -> com.repocket.androidsdk.q:
# {"id":"sourceFile","fileName":"P2PService.java"}
    java.lang.String ip -> a
    int port -> b
    int socketReqHandlerPort -> c
    java.lang.String peerId -> d
    java.lang.String userId -> e
    java.lang.String token -> f
    com.repocket.androidsdk.P2P.MainSocket mainSocket -> g
    int retriesConnectionCounter -> h
    com.repocket.androidsdk.shared.EventHandler ConnectionEstablished -> i
    com.repocket.androidsdk.shared.EventHandler SocketConnectionFailed -> j
    com.repocket.androidsdk.shared.EventHandler BeforeStartSocketConnection -> k
    com.repocket.androidsdk.shared.EventHandler ServerCloseSocketConnection -> l
    com.repocket.androidsdk.shared.EventHandler SocketConnectionClose -> m
    com.repocket.androidsdk.shared.EventHandler ConnectionToServerFailed -> n
    com.repocket.androidsdk.shared.EventHandler ReceiveData -> o
    com.repocket.androidsdk.shared.EventHandler SocketClose -> p
    com.repocket.androidsdk.shared.EventHandler CreateSocketRequestHandler -> q
    com.repocket.androidsdk.shared.EventHandler TargetWebsiteError -> r
    1:27:void <init>(java.lang.String,int,java.lang.String,java.lang.String,java.lang.String,int):24:50 -> <init>
      # {"id":"com.android.tools.r8.residualsignature","signature":"(IILjava/lang/String;Ljava/lang/String;Ljava/lang/String;Ljava/lang/String;)V"}
    28:36:void <init>(java.lang.String,int,java.lang.String,java.lang.String,java.lang.String,int):25:33 -> <init>
    1:14:boolean startSocketConnection():66:79 -> a
    15:15:java.util.function.Consumer com.repocket.androidsdk.shared.EventHandler.addListener(java.util.function.Consumer):11:11 -> a
    15:15:boolean startSocketConnection():79 -> a
      # {"id":"com.android.tools.r8.rewriteFrame","conditions":["throws(Ljava/lang/NullPointerException;)"],"actions":["removeInnerFrames(1)"]}
    16:16:java.util.function.Consumer com.repocket.androidsdk.shared.EventHandler.addListener(java.util.function.Consumer):11:11 -> a
    16:16:boolean startSocketConnection():79 -> a
    17:17:boolean startSocketConnection():80:80 -> a
    18:18:java.util.function.Consumer com.repocket.androidsdk.shared.EventHandler.addListener(java.util.function.Consumer):11:11 -> a
    18:18:boolean startSocketConnection():80 -> a
      # {"id":"com.android.tools.r8.rewriteFrame","conditions":["throws(Ljava/lang/NullPointerException;)"],"actions":["removeInnerFrames(1)"]}
    19:19:java.util.function.Consumer com.repocket.androidsdk.shared.EventHandler.addListener(java.util.function.Consumer):11:11 -> a
    19:19:boolean startSocketConnection():80 -> a
    20:20:boolean startSocketConnection():81:81 -> a
    21:21:java.util.function.Consumer com.repocket.androidsdk.shared.EventHandler.addListener(java.util.function.Consumer):11:11 -> a
    21:21:boolean startSocketConnection():81 -> a
      # {"id":"com.android.tools.r8.rewriteFrame","conditions":["throws(Ljava/lang/NullPointerException;)"],"actions":["removeInnerFrames(1)"]}
    22:22:java.util.function.Consumer com.repocket.androidsdk.shared.EventHandler.addListener(java.util.function.Consumer):11:11 -> a
    22:22:boolean startSocketConnection():81 -> a
    23:35:boolean startSocketConnection():83:95 -> a
    36:36:void lambda$startSocketConnection$0(java.lang.String):79:79 -> a
    37:37:void lambda$startSocketConnection$1(java.lang.Exception):80:80 -> a
    38:38:void lambda$startSocketConnection$2(java.lang.Object):81:81 -> a
com.repocket.androidsdk.services.P2PService$1 -> com.repocket.androidsdk.p:
# {"id":"sourceFile","fileName":"P2PService.java"}
    com.repocket.androidsdk.services.P2PService this$0 -> a
    1:1:void <init>(com.repocket.androidsdk.services.P2PService):33:33 -> <init>
      # {"id":"com.android.tools.r8.residualsignature","signature":"(Lcom/repocket/androidsdk/q;)V"}
    1:1:void run():36:36 -> run
    2:2:int com.repocket.androidsdk.services.P2PService.access$002(com.repocket.androidsdk.services.P2PService,int):12:12 -> run
    2:2:void run():36 -> run
com.repocket.androidsdk.services.PeerService -> com.repocket.androidsdk.c0:
# {"id":"sourceFile","fileName":"PeerService.java"}
    com.repocket.androidsdk.classes.ConnectionMonitor connectionMonitor -> a
    com.repocket.androidsdk.shared.Debouncer deletePeerDebouncer -> b
    com.repocket.androidsdk.shared.Debouncer handleConnectionClosedDebouncer -> c
    okhttp3.OkHttpClient httpClient -> d
    int localId -> e
    com.repocket.androidsdk.classes.PeerMonitor peerMonitor -> f
    com.repocket.androidsdk.shared.Debouncer resetPeerDebouncer -> g
    com.repocket.androidsdk.classes.VPNWatcher vpnWatcher -> h
    boolean enabledLocalMonitor -> i
    boolean isCreatingPeer -> j
    boolean isPeerActive -> k
    boolean isResettingPeer -> l
    boolean isUserActivatedThePeer -> m
    com.repocket.androidsdk.services.P2PService p2PServiceInstance -> n
    java.lang.String peerId -> o
    boolean shouldResetConnection -> p
    com.repocket.androidsdk.types.Types$TcpServerInfo tcpServerInfo -> q
    com.repocket.androidsdk.services.PeerService$RemoteSettings _settings -> r
    com.repocket.androidsdk.shared.EventHandler onConnected -> s
    com.repocket.androidsdk.shared.EventHandler onDisconnected -> t
    com.repocket.androidsdk.shared.EventHandler onConnecting -> u
    com.repocket.androidsdk.shared.EventHandler onRefreshTokenRequired -> v
    1:1:void <init>(java.lang.String,java.lang.String,java.lang.String,java.lang.String):83:83 -> <init>
      # {"id":"com.android.tools.r8.residualsignature","signature":"(Ljava/lang/String;)V"}
    2:71:void <init>(java.lang.String,java.lang.String,java.lang.String,java.lang.String):49:118 -> <init>
    1:1:java.lang.String access$200(com.repocket.androidsdk.services.PeerService):35:35 -> a
      # {"id":"com.android.tools.r8.residualsignature","signature":"(Lcom/repocket/androidsdk/c0;)Ljava/lang/String;"}
    2:2:void lambda$new$0(java.lang.Object):107:107 -> a
    3:3:void _handleConnectionClosed():263:263 -> a
    4:7:void lambda$registerEventListeners$16(com.repocket.androidsdk.shared.Debouncer,com.repocket.androidsdk.shared.Debouncer,com.repocket.androidsdk.shared.Debouncer,com.repocket.androidsdk.shared.Debouncer,com.repocket.androidsdk.shared.Debouncer,java.lang.Object):317:320 -> a
      # {"id":"com.android.tools.r8.residualsignature","signature":"(Lcom/repocket/androidsdk/f;Lcom/repocket/androidsdk/f;Lcom/repocket/androidsdk/f;Lcom/repocket/androidsdk/f;Lcom/repocket/androidsdk/f;Ljava/lang/Object;)V"}
    8:8:java.util.function.Consumer com.repocket.androidsdk.shared.EventHandler.addListener(java.util.function.Consumer):11:11 -> a
    8:8:void lambda$registerEventListeners$16(com.repocket.androidsdk.shared.Debouncer,com.repocket.androidsdk.shared.Debouncer,com.repocket.androidsdk.shared.Debouncer,com.repocket.androidsdk.shared.Debouncer,com.repocket.androidsdk.shared.Debouncer,java.lang.Object):320 -> a
      # {"id":"com.android.tools.r8.rewriteFrame","conditions":["throws(Ljava/lang/NullPointerException;)"],"actions":["removeInnerFrames(1)"]}
    9:9:java.util.function.Consumer com.repocket.androidsdk.shared.EventHandler.addListener(java.util.function.Consumer):11:11 -> a
    9:9:void lambda$registerEventListeners$16(com.repocket.androidsdk.shared.Debouncer,com.repocket.androidsdk.shared.Debouncer,com.repocket.androidsdk.shared.Debouncer,com.repocket.androidsdk.shared.Debouncer,com.repocket.androidsdk.shared.Debouncer,java.lang.Object):320 -> a
    10:10:void lambda$registerEventListeners$16(com.repocket.androidsdk.shared.Debouncer,com.repocket.androidsdk.shared.Debouncer,com.repocket.androidsdk.shared.Debouncer,com.repocket.androidsdk.shared.Debouncer,com.repocket.androidsdk.shared.Debouncer,java.lang.Object):326:326 -> a
    11:11:java.util.function.Consumer com.repocket.androidsdk.shared.EventHandler.addListener(java.util.function.Consumer) -> a
    11:11:void lambda$registerEventListeners$16(com.repocket.androidsdk.shared.Debouncer,com.repocket.androidsdk.shared.Debouncer,com.repocket.androidsdk.shared.Debouncer,com.repocket.androidsdk.shared.Debouncer,com.repocket.androidsdk.shared.Debouncer,java.lang.Object):326 -> a
      # {"id":"com.android.tools.r8.rewriteFrame","conditions":["throws(Ljava/lang/NullPointerException;)"],"actions":["removeInnerFrames(1)"]}
    12:12:java.util.function.Consumer com.repocket.androidsdk.shared.EventHandler.addListener(java.util.function.Consumer):11:11 -> a
    12:12:void lambda$registerEventListeners$16(com.repocket.androidsdk.shared.Debouncer,com.repocket.androidsdk.shared.Debouncer,com.repocket.androidsdk.shared.Debouncer,com.repocket.androidsdk.shared.Debouncer,com.repocket.androidsdk.shared.Debouncer,java.lang.Object):326 -> a
    13:13:void lambda$registerEventListeners$16(com.repocket.androidsdk.shared.Debouncer,com.repocket.androidsdk.shared.Debouncer,com.repocket.androidsdk.shared.Debouncer,com.repocket.androidsdk.shared.Debouncer,com.repocket.androidsdk.shared.Debouncer,java.lang.Object):328:328 -> a
    14:14:java.util.function.Consumer com.repocket.androidsdk.shared.EventHandler.addListener(java.util.function.Consumer):11:11 -> a
    14:14:void lambda$registerEventListeners$16(com.repocket.androidsdk.shared.Debouncer,com.repocket.androidsdk.shared.Debouncer,com.repocket.androidsdk.shared.Debouncer,com.repocket.androidsdk.shared.Debouncer,com.repocket.androidsdk.shared.Debouncer,java.lang.Object):328 -> a
      # {"id":"com.android.tools.r8.rewriteFrame","conditions":["throws(Ljava/lang/NullPointerException;)"],"actions":["removeInnerFrames(1)"]}
    15:15:java.util.function.Consumer com.repocket.androidsdk.shared.EventHandler.addListener(java.util.function.Consumer):11:11 -> a
    15:15:void lambda$registerEventListeners$16(com.repocket.androidsdk.shared.Debouncer,com.repocket.androidsdk.shared.Debouncer,com.repocket.androidsdk.shared.Debouncer,com.repocket.androidsdk.shared.Debouncer,com.repocket.androidsdk.shared.Debouncer,java.lang.Object):328 -> a
    16:16:void lambda$registerEventListeners$16(com.repocket.androidsdk.shared.Debouncer,com.repocket.androidsdk.shared.Debouncer,com.repocket.androidsdk.shared.Debouncer,com.repocket.androidsdk.shared.Debouncer,com.repocket.androidsdk.shared.Debouncer,java.lang.Object):330:330 -> a
    17:17:java.util.function.Consumer com.repocket.androidsdk.shared.EventHandler.addListener(java.util.function.Consumer):11:11 -> a
    17:17:void lambda$registerEventListeners$16(com.repocket.androidsdk.shared.Debouncer,com.repocket.androidsdk.shared.Debouncer,com.repocket.androidsdk.shared.Debouncer,com.repocket.androidsdk.shared.Debouncer,com.repocket.androidsdk.shared.Debouncer,java.lang.Object):330 -> a
      # {"id":"com.android.tools.r8.rewriteFrame","conditions":["throws(Ljava/lang/NullPointerException;)"],"actions":["removeInnerFrames(1)"]}
    18:18:java.util.function.Consumer com.repocket.androidsdk.shared.EventHandler.addListener(java.util.function.Consumer):11:11 -> a
    18:18:void lambda$registerEventListeners$16(com.repocket.androidsdk.shared.Debouncer,com.repocket.androidsdk.shared.Debouncer,com.repocket.androidsdk.shared.Debouncer,com.repocket.androidsdk.shared.Debouncer,com.repocket.androidsdk.shared.Debouncer,java.lang.Object):330 -> a
    19:19:void lambda$registerEventListeners$16(com.repocket.androidsdk.shared.Debouncer,com.repocket.androidsdk.shared.Debouncer,com.repocket.androidsdk.shared.Debouncer,com.repocket.androidsdk.shared.Debouncer,com.repocket.androidsdk.shared.Debouncer,java.lang.Object):332:332 -> a
    20:20:java.util.function.Consumer com.repocket.androidsdk.shared.EventHandler.addListener(java.util.function.Consumer):11:11 -> a
    20:20:void lambda$registerEventListeners$16(com.repocket.androidsdk.shared.Debouncer,com.repocket.androidsdk.shared.Debouncer,com.repocket.androidsdk.shared.Debouncer,com.repocket.androidsdk.shared.Debouncer,com.repocket.androidsdk.shared.Debouncer,java.lang.Object):332 -> a
      # {"id":"com.android.tools.r8.rewriteFrame","conditions":["throws(Ljava/lang/NullPointerException;)"],"actions":["removeInnerFrames(1)"]}
    21:21:java.util.function.Consumer com.repocket.androidsdk.shared.EventHandler.addListener(java.util.function.Consumer):11:11 -> a
    21:21:void lambda$registerEventListeners$16(com.repocket.androidsdk.shared.Debouncer,com.repocket.androidsdk.shared.Debouncer,com.repocket.androidsdk.shared.Debouncer,com.repocket.androidsdk.shared.Debouncer,com.repocket.androidsdk.shared.Debouncer,java.lang.Object):332 -> a
    22:23:void lambda$registerEventListeners$11(com.repocket.androidsdk.shared.Debouncer,java.lang.Object):321:322 -> a
      # {"id":"com.android.tools.r8.residualsignature","signature":"(Lcom/repocket/androidsdk/f;Ljava/lang/Object;)V"}
    24:24:void lambda$localPeerMonitorTimerElapsed$17(com.repocket.androidsdk.classes.ConnectionMonitor):418:418 -> a
      # {"id":"com.android.tools.r8.residualsignature","signature":"(Lcom/repocket/androidsdk/d;)V"}
    25:25:void com.repocket.androidsdk.classes.ConnectionMonitor.stop():40:40 -> a
    25:25:void lambda$localPeerMonitorTimerElapsed$17(com.repocket.androidsdk.classes.ConnectionMonitor):419 -> a
      # {"id":"com.android.tools.r8.rewriteFrame","conditions":["throws(Ljava/lang/NullPointerException;)"],"actions":["removeInnerFrames(1)"]}
    27:29:void com.repocket.androidsdk.classes.ConnectionMonitor.stop():42:44 -> a
    27:29:void lambda$localPeerMonitorTimerElapsed$17(com.repocket.androidsdk.classes.ConnectionMonitor):419 -> a
    30:32:void stop(boolean):489:491 -> a
    33:33:void com.repocket.androidsdk.classes.PeerMonitor.stop():49:49 -> a
    33:33:void stop(boolean):491 -> a
      # {"id":"com.android.tools.r8.rewriteFrame","conditions":["throws(Ljava/lang/NullPointerException;)"],"actions":["removeInnerFrames(1)"]}
    35:37:void com.repocket.androidsdk.classes.PeerMonitor.stop():51:53 -> a
    35:37:void stop(boolean):491 -> a
    38:38:void stop(boolean):493:493 -> a
    39:39:void com.repocket.androidsdk.classes.ConnectionMonitor.stop():40:40 -> a
    39:39:void stop(boolean):493 -> a
      # {"id":"com.android.tools.r8.rewriteFrame","conditions":["throws(Ljava/lang/NullPointerException;)"],"actions":["removeInnerFrames(1)"]}
    41:43:void com.repocket.androidsdk.classes.ConnectionMonitor.stop():42:44 -> a
    41:43:void stop(boolean):493 -> a
    44:44:void stop(boolean):495:495 -> a
    45:49:void com.repocket.androidsdk.classes.VPNWatcher.stop():48:52 -> a
    45:49:void stop(boolean):495 -> a
    50:59:void stop(boolean):496:505 -> a
    60:61:void com.repocket.androidsdk.services.P2PService.end():99:100 -> a
    60:61:void stop(boolean):505 -> a
    62:63:void com.repocket.androidsdk.P2P.MainSocket.End():250:251 -> a
    62:63:void com.repocket.androidsdk.services.P2PService.end():101 -> a
    62:63:void stop(boolean):505 -> a
    64:64:void stop(boolean):506:506 -> a
    65:65:void com.repocket.androidsdk.services.P2PService.removeAllListeners():53:53 -> a
    65:65:void stop(boolean):506 -> a
      # {"id":"com.android.tools.r8.rewriteFrame","conditions":["throws(Ljava/lang/NullPointerException;)"],"actions":["removeInnerFrames(1)"]}
    66:66:void com.repocket.androidsdk.shared.EventHandler.removeAllListeners():20:20 -> a
    66:66:void com.repocket.androidsdk.services.P2PService.removeAllListeners():53 -> a
    66:66:void stop(boolean):506 -> a
      # {"id":"com.android.tools.r8.rewriteFrame","conditions":["throws(Ljava/lang/NullPointerException;)"],"actions":["removeInnerFrames(2)"]}
    67:67:void com.repocket.androidsdk.shared.EventHandler.removeAllListeners():20:20 -> a
    67:67:void com.repocket.androidsdk.services.P2PService.removeAllListeners():53 -> a
    67:67:void stop(boolean):506 -> a
    68:68:void com.repocket.androidsdk.services.P2PService.removeAllListeners():54:54 -> a
    68:68:void stop(boolean):506 -> a
    69:69:void com.repocket.androidsdk.shared.EventHandler.removeAllListeners():20:20 -> a
    69:69:void com.repocket.androidsdk.services.P2PService.removeAllListeners():54 -> a
    69:69:void stop(boolean):506 -> a
      # {"id":"com.android.tools.r8.rewriteFrame","conditions":["throws(Ljava/lang/NullPointerException;)"],"actions":["removeInnerFrames(2)"]}
    70:70:void com.repocket.androidsdk.shared.EventHandler.removeAllListeners():20:20 -> a
    70:70:void com.repocket.androidsdk.services.P2PService.removeAllListeners():54 -> a
    70:70:void stop(boolean):506 -> a
    71:71:void com.repocket.androidsdk.services.P2PService.removeAllListeners():55:55 -> a
    71:71:void stop(boolean):506 -> a
    72:72:void com.repocket.androidsdk.shared.EventHandler.removeAllListeners():20:20 -> a
    72:72:void com.repocket.androidsdk.services.P2PService.removeAllListeners():55 -> a
    72:72:void stop(boolean):506 -> a
      # {"id":"com.android.tools.r8.rewriteFrame","conditions":["throws(Ljava/lang/NullPointerException;)"],"actions":["removeInnerFrames(2)"]}
    73:73:void com.repocket.androidsdk.shared.EventHandler.removeAllListeners():20:20 -> a
    73:73:void com.repocket.androidsdk.services.P2PService.removeAllListeners():55 -> a
    73:73:void stop(boolean):506 -> a
    74:74:void com.repocket.androidsdk.services.P2PService.removeAllListeners():56:56 -> a
    74:74:void stop(boolean):506 -> a
    75:75:void com.repocket.androidsdk.shared.EventHandler.removeAllListeners():20:20 -> a
    75:75:void com.repocket.androidsdk.services.P2PService.removeAllListeners():56 -> a
    75:75:void stop(boolean):506 -> a
      # {"id":"com.android.tools.r8.rewriteFrame","conditions":["throws(Ljava/lang/NullPointerException;)"],"actions":["removeInnerFrames(2)"]}
    76:76:void com.repocket.androidsdk.shared.EventHandler.removeAllListeners():20:20 -> a
    76:76:void com.repocket.androidsdk.services.P2PService.removeAllListeners():56 -> a
    76:76:void stop(boolean):506 -> a
    77:77:void com.repocket.androidsdk.services.P2PService.removeAllListeners():57:57 -> a
    77:77:void stop(boolean):506 -> a
    78:78:void com.repocket.androidsdk.shared.EventHandler.removeAllListeners():20:20 -> a
    78:78:void com.repocket.androidsdk.services.P2PService.removeAllListeners():57 -> a
    78:78:void stop(boolean):506 -> a
      # {"id":"com.android.tools.r8.rewriteFrame","conditions":["throws(Ljava/lang/NullPointerException;)"],"actions":["removeInnerFrames(2)"]}
    79:79:void com.repocket.androidsdk.shared.EventHandler.removeAllListeners():20:20 -> a
    79:79:void com.repocket.androidsdk.services.P2PService.removeAllListeners():57 -> a
    79:79:void stop(boolean):506 -> a
    80:80:void com.repocket.androidsdk.services.P2PService.removeAllListeners():58:58 -> a
    80:80:void stop(boolean):506 -> a
    81:81:void com.repocket.androidsdk.shared.EventHandler.removeAllListeners():20:20 -> a
    81:81:void com.repocket.androidsdk.services.P2PService.removeAllListeners():58 -> a
    81:81:void stop(boolean):506 -> a
      # {"id":"com.android.tools.r8.rewriteFrame","conditions":["throws(Ljava/lang/NullPointerException;)"],"actions":["removeInnerFrames(2)"]}
    82:82:void com.repocket.androidsdk.shared.EventHandler.removeAllListeners():20:20 -> a
    82:82:void com.repocket.androidsdk.services.P2PService.removeAllListeners():58 -> a
    82:82:void stop(boolean):506 -> a
    83:83:void com.repocket.androidsdk.services.P2PService.removeAllListeners():59:59 -> a
    83:83:void stop(boolean):506 -> a
    84:84:void com.repocket.androidsdk.shared.EventHandler.removeAllListeners():20:20 -> a
    84:84:void com.repocket.androidsdk.services.P2PService.removeAllListeners():59 -> a
    84:84:void stop(boolean):506 -> a
      # {"id":"com.android.tools.r8.rewriteFrame","conditions":["throws(Ljava/lang/NullPointerException;)"],"actions":["removeInnerFrames(2)"]}
    85:85:void com.repocket.androidsdk.shared.EventHandler.removeAllListeners():20:20 -> a
    85:85:void com.repocket.androidsdk.services.P2PService.removeAllListeners():59 -> a
    85:85:void stop(boolean):506 -> a
    86:86:void com.repocket.androidsdk.services.P2PService.removeAllListeners():60:60 -> a
    86:86:void stop(boolean):506 -> a
    87:87:void com.repocket.androidsdk.shared.EventHandler.removeAllListeners():20:20 -> a
    87:87:void com.repocket.androidsdk.services.P2PService.removeAllListeners():60 -> a
    87:87:void stop(boolean):506 -> a
      # {"id":"com.android.tools.r8.rewriteFrame","conditions":["throws(Ljava/lang/NullPointerException;)"],"actions":["removeInnerFrames(2)"]}
    88:88:void com.repocket.androidsdk.shared.EventHandler.removeAllListeners():20:20 -> a
    88:88:void com.repocket.androidsdk.services.P2PService.removeAllListeners():60 -> a
    88:88:void stop(boolean):506 -> a
    89:89:void com.repocket.androidsdk.services.P2PService.removeAllListeners():61:61 -> a
    89:89:void stop(boolean):506 -> a
    90:90:void com.repocket.androidsdk.shared.EventHandler.removeAllListeners():20:20 -> a
    90:90:void com.repocket.androidsdk.services.P2PService.removeAllListeners():61 -> a
    90:90:void stop(boolean):506 -> a
      # {"id":"com.android.tools.r8.rewriteFrame","conditions":["throws(Ljava/lang/NullPointerException;)"],"actions":["removeInnerFrames(2)"]}
    91:91:void com.repocket.androidsdk.shared.EventHandler.removeAllListeners():20:20 -> a
    91:91:void com.repocket.androidsdk.services.P2PService.removeAllListeners():61 -> a
    91:91:void stop(boolean):506 -> a
    92:92:void com.repocket.androidsdk.services.P2PService.removeAllListeners():62:62 -> a
    92:92:void stop(boolean):506 -> a
    93:93:void com.repocket.androidsdk.shared.EventHandler.removeAllListeners():20:20 -> a
    93:93:void com.repocket.androidsdk.services.P2PService.removeAllListeners():62 -> a
    93:93:void stop(boolean):506 -> a
      # {"id":"com.android.tools.r8.rewriteFrame","conditions":["throws(Ljava/lang/NullPointerException;)"],"actions":["removeInnerFrames(2)"]}
    94:94:void com.repocket.androidsdk.shared.EventHandler.removeAllListeners():20:20 -> a
    94:94:void com.repocket.androidsdk.services.P2PService.removeAllListeners():62 -> a
    94:94:void stop(boolean):506 -> a
    95:96:void stop(boolean):507:508 -> a
    1:1:void lambda$new$1(java.lang.Object):108:108 -> b
    2:2:void lambda$registerEventListeners$12(com.repocket.androidsdk.shared.Debouncer,java.lang.Object):326:326 -> b
      # {"id":"com.android.tools.r8.residualsignature","signature":"(Lcom/repocket/androidsdk/f;Ljava/lang/Object;)V"}
    3:3:void lambda$localPeerMonitorTimerElapsed$18(com.repocket.androidsdk.classes.ConnectionMonitor):421:421 -> b
      # {"id":"com.android.tools.r8.residualsignature","signature":"(Lcom/repocket/androidsdk/d;)V"}
    4:4:void com.repocket.androidsdk.classes.ConnectionMonitor.stop():40:40 -> b
    4:4:void lambda$localPeerMonitorTimerElapsed$18(com.repocket.androidsdk.classes.ConnectionMonitor):422 -> b
      # {"id":"com.android.tools.r8.rewriteFrame","conditions":["throws(Ljava/lang/NullPointerException;)"],"actions":["removeInnerFrames(1)"]}
    6:8:void com.repocket.androidsdk.classes.ConnectionMonitor.stop():42:44 -> b
    6:8:void lambda$localPeerMonitorTimerElapsed$18(com.repocket.androidsdk.classes.ConnectionMonitor):422 -> b
    9:14:void com.repocket.androidsdk.services.PeerService._resetPeer():440:445 -> b
    9:14:void lambda$localPeerMonitorTimerElapsed$18(com.repocket.androidsdk.classes.ConnectionMonitor):424 -> b
    15:17:void lambda$localPeerMonitorTimerElapsed$18(com.repocket.androidsdk.classes.ConnectionMonitor):425:427 -> b
    18:19:void _verifyUIStatus():435:436 -> b
    1:5:void createPeer():122:126 -> c
    6:8:void com.repocket.androidsdk.services.PeerService.startLocalPeerMonitor():398:400 -> c
    6:8:void createPeer():128 -> c
    9:9:void createPeer():132:132 -> c
    10:24:com.repocket.androidsdk.types.Types$RuntimeInfo com.repocket.androidsdk.shared.Utils.getRuntimeInfo():143:157 -> c
    10:24:com.repocket.androidsdk.types.Types$DeviceInfo com.repocket.androidsdk.shared.Utils.getDeviceInfo():56 -> c
    10:24:void createPeer():132 -> c
    25:26:com.repocket.androidsdk.types.Types$DeviceInfo com.repocket.androidsdk.shared.Utils.getDeviceInfo():57:58 -> c
    25:26:void createPeer():132 -> c
    27:36:java.lang.String com.repocket.androidsdk.shared.Utils.cyrb53(java.lang.String,int):42:51 -> c
    27:36:com.repocket.androidsdk.types.Types$DeviceInfo com.repocket.androidsdk.shared.Utils.getDeviceInfo():60 -> c
    27:36:void createPeer():132 -> c
    37:42:com.repocket.androidsdk.types.Types$DeviceInfo com.repocket.androidsdk.shared.Utils.getDeviceInfo():62:67 -> c
    37:42:void createPeer():132 -> c
    43:46:com.repocket.androidsdk.shared.NetworkCheck com.repocket.androidsdk.shared.NetworkCheck.instance():27:30 -> c
    43:46:java.lang.String com.repocket.androidsdk.shared.Utils.checkConnectivityType():111 -> c
    43:46:com.repocket.androidsdk.types.Types$DeviceInfo com.repocket.androidsdk.shared.Utils.getDeviceInfo():68 -> c
    43:46:void createPeer():132 -> c
    47:52:java.lang.String com.repocket.androidsdk.shared.Utils.checkConnectivityType():112:117 -> c
    47:52:com.repocket.androidsdk.types.Types$DeviceInfo com.repocket.androidsdk.shared.Utils.getDeviceInfo():68 -> c
    47:52:void createPeer():132 -> c
    53:68:com.repocket.androidsdk.types.Types$DeviceInfo com.repocket.androidsdk.shared.Utils.getDeviceInfo():69:84 -> c
    53:68:void createPeer():132 -> c
    69:79:com.repocket.androidsdk.types.Types$IpInfo com.repocket.androidsdk.services.PeerService.getIpInfo():240:250 -> c
    69:79:void createPeer():135 -> c
    80:80:java.lang.Object com.repocket.androidsdk.shared.Utils.fromJson(java.lang.String,java.lang.Class):202:202 -> c
    80:80:com.repocket.androidsdk.types.Types$IpInfo com.repocket.androidsdk.services.PeerService.getIpInfo():250 -> c
    80:80:void createPeer():135 -> c
    81:87:com.repocket.androidsdk.types.Types$IpInfo com.repocket.androidsdk.services.PeerService.getIpInfo():250:256 -> c
    81:87:void createPeer():135 -> c
    88:88:void createPeer():145:145 -> c
    89:97:com.repocket.androidsdk.types.Types$PeerConfigResponse com.repocket.androidsdk.services.PeerService.getPeerConfig():223:231 -> c
    89:97:void createPeer():146 -> c
    98:98:java.lang.Object com.repocket.androidsdk.shared.Utils.fromJson(java.lang.String,java.lang.Class):202:202 -> c
    98:98:com.repocket.androidsdk.types.Types$PeerConfigResponse com.repocket.androidsdk.services.PeerService.getPeerConfig():232 -> c
    98:98:void createPeer():146 -> c
    99:101:com.repocket.androidsdk.types.Types$PeerConfigResponse com.repocket.androidsdk.services.PeerService.getPeerConfig():232:234 -> c
    99:101:void createPeer():146 -> c
    102:103:void createPeer():147:148 -> c
    104:104:void com.repocket.androidsdk.shared.MyPlayerPrefs.SetString(java.lang.String,java.lang.String):19:19 -> c
    104:104:void createPeer():148 -> c
    105:105:void createPeer():151:151 -> c
    106:106:okhttp3.Response com.repocket.androidsdk.services.ApiService.Post(java.lang.String,java.util.Map):28:28 -> c
    106:106:void createPeer():151 -> c
      # {"id":"com.android.tools.r8.rewriteFrame","conditions":["throws(Ljava/lang/NullPointerException;)"],"actions":["removeInnerFrames(1)"]}
    107:107:okhttp3.Response com.repocket.androidsdk.services.ApiService.Post(java.lang.String,java.util.Map):28:28 -> c
    107:107:void createPeer():151 -> c
    108:112:okhttp3.Response com.repocket.androidsdk.services.HttpService.PostAsync(java.lang.String,java.lang.Object):73:77 -> c
    108:112:okhttp3.Response com.repocket.androidsdk.services.ApiService.Post(java.lang.String,java.util.Map):28 -> c
    108:112:void createPeer():151 -> c
    113:115:okhttp3.Response com.repocket.androidsdk.services.HttpService.handleResponse(okhttp3.Request):131:133 -> c
    113:115:okhttp3.Response com.repocket.androidsdk.services.HttpService.PostAsync(java.lang.String,java.lang.Object):78 -> c
    113:115:okhttp3.Response com.repocket.androidsdk.services.ApiService.Post(java.lang.String,java.util.Map):28 -> c
    113:115:void createPeer():151 -> c
    116:121:void createPeer():172:177 -> c
    122:122:java.lang.Object com.repocket.androidsdk.shared.Utils.fromJson(java.lang.String,java.lang.Class):202:202 -> c
    122:122:void createPeer():179 -> c
    123:135:void createPeer():179:191 -> c
    136:136:void com.repocket.androidsdk.shared.MyPlayerPrefs.SetString(java.lang.String,java.lang.String):19:19 -> c
    136:136:void createPeer():191 -> c
    137:162:void createPeer():194:219 -> c
    163:163:void lambda$registerEventListeners$13(com.repocket.androidsdk.shared.Debouncer,java.lang.Object):328:328 -> c
      # {"id":"com.android.tools.r8.residualsignature","signature":"(Lcom/repocket/androidsdk/f;Ljava/lang/Object;)V"}
    164:165:void com.repocket.androidsdk.services.PeerService.deletePeerDebounce():463:464 -> c
    164:165:void lambda$new$2(java.lang.Object):109 -> c
    1:1:void com.repocket.androidsdk.services.PeerService.onConnectionEstablishedDebounce():305:305 -> d
    1:1:void lambda$registerEventListeners$10(java.lang.Object):314 -> d
    2:4:void com.repocket.androidsdk.services.PeerService._markPeerAsAlive():337:339 -> d
    2:4:void com.repocket.androidsdk.services.PeerService.onConnectionEstablishedDebounce():306 -> d
    2:4:void lambda$registerEventListeners$10(java.lang.Object):314 -> d
    5:5:okhttp3.Response com.repocket.androidsdk.services.ApiService.Post(java.lang.String,java.util.Map):28:28 -> d
    5:5:void com.repocket.androidsdk.services.PeerService._markPeerAsAlive():339 -> d
    5:5:void com.repocket.androidsdk.services.PeerService.onConnectionEstablishedDebounce():306 -> d
    5:5:void lambda$registerEventListeners$10(java.lang.Object):314 -> d
      # {"id":"com.android.tools.r8.rewriteFrame","conditions":["throws(Ljava/lang/NullPointerException;)"],"actions":["removeInnerFrames(3)"]}
    6:6:okhttp3.Response com.repocket.androidsdk.services.ApiService.Post(java.lang.String,java.util.Map):28:28 -> d
    6:6:void com.repocket.androidsdk.services.PeerService._markPeerAsAlive():339 -> d
    6:6:void com.repocket.androidsdk.services.PeerService.onConnectionEstablishedDebounce():306 -> d
    6:6:void lambda$registerEventListeners$10(java.lang.Object):314 -> d
    7:11:okhttp3.Response com.repocket.androidsdk.services.HttpService.PostAsync(java.lang.String,java.lang.Object):73:77 -> d
    7:11:okhttp3.Response com.repocket.androidsdk.services.ApiService.Post(java.lang.String,java.util.Map):28 -> d
    7:11:void com.repocket.androidsdk.services.PeerService._markPeerAsAlive():339 -> d
    7:11:void com.repocket.androidsdk.services.PeerService.onConnectionEstablishedDebounce():306 -> d
    7:11:void lambda$registerEventListeners$10(java.lang.Object):314 -> d
    12:14:okhttp3.Response com.repocket.androidsdk.services.HttpService.handleResponse(okhttp3.Request):131:133 -> d
    12:14:okhttp3.Response com.repocket.androidsdk.services.HttpService.PostAsync(java.lang.String,java.lang.Object):78 -> d
    12:14:okhttp3.Response com.repocket.androidsdk.services.ApiService.Post(java.lang.String,java.util.Map):28 -> d
    12:14:void com.repocket.androidsdk.services.PeerService._markPeerAsAlive():339 -> d
    12:14:void com.repocket.androidsdk.services.PeerService.onConnectionEstablishedDebounce():306 -> d
    12:14:void lambda$registerEventListeners$10(java.lang.Object):314 -> d
    15:26:void com.repocket.androidsdk.services.PeerService._markPeerAsAlive():342:353 -> d
    15:26:void com.repocket.androidsdk.services.PeerService.onConnectionEstablishedDebounce():306 -> d
    15:26:void lambda$registerEventListeners$10(java.lang.Object):314 -> d
    27:27:void lambda$registerEventListeners$14(com.repocket.androidsdk.shared.Debouncer,java.lang.Object):330:330 -> d
      # {"id":"com.android.tools.r8.residualsignature","signature":"(Lcom/repocket/androidsdk/f;Ljava/lang/Object;)V"}
    28:28:void credentialsMissing():375:375 -> d
    1:1:void lambda$registerEventListeners$6(java.lang.Object):0:0 -> e
    2:2:void lambda$registerEventListeners$15(com.repocket.androidsdk.shared.Debouncer,java.lang.Object):332:332 -> e
      # {"id":"com.android.tools.r8.residualsignature","signature":"(Lcom/repocket/androidsdk/f;Ljava/lang/Object;)V"}
    3:4:void handleConnectionClosedDebounce():449:450 -> e
    5:5:boolean com.repocket.androidsdk.services.PeerService._shouldReconnectThePeer():480:480 -> e
    5:5:void handleConnectionClosedDebounce():451 -> e
    6:6:void handleConnectionClosedDebounce():452:452 -> e
    7:14:void com.repocket.androidsdk.services.PeerService.deletePeer(boolean):468:475 -> e
    7:14:void handleConnectionClosedDebounce():457 -> e
    1:4:void com.repocket.androidsdk.services.PeerService.onReceiveDataDebounce():282:285 -> f
    1:4:void lambda$registerEventListeners$7(java.lang.Object):311 -> f
    5:10:void com.repocket.androidsdk.services.PeerService._resetPeer():440:445 -> f
    5:10:void lambda$handleConnectionClosedDebounce$19():453 -> f
    1:3:void com.repocket.androidsdk.services.PeerService.onConnectionToServerFailedDebounce():290:292 -> g
    1:3:void lambda$registerEventListeners$8(java.lang.Object):312 -> g
    4:4:void lambda$onSocketConnectionCloseDebounce$5():299:299 -> g
    1:1:void lambda$resetPeerDebounce$3():271:271 -> h
    2:2:void lambda$registerEventListeners$9(java.lang.Object):313:313 -> h
    1:1:void lambda$resetPeerDebounce$4():272:272 -> i
    1:1:void localPeerMonitorTimerElapsed():405:405 -> j
    2:3:int com.repocket.androidsdk.shared.MyPlayerPrefs.GetInt(java.lang.String):10:11 -> j
    2:3:void localPeerMonitorTimerElapsed():409 -> j
    4:8:void localPeerMonitorTimerElapsed():411:415 -> j
    9:9:void com.repocket.androidsdk.classes.ConnectionMonitor.setDuration(int):19:19 -> j
    9:9:void localPeerMonitorTimerElapsed():416 -> j
    10:10:void localPeerMonitorTimerElapsed():417:417 -> j
    11:14:void com.repocket.androidsdk.classes.ConnectionMonitor.start(java.lang.Runnable,java.lang.Runnable):27:30 -> j
    11:14:void localPeerMonitorTimerElapsed():417 -> j
    1:2:void onConnectionActive():384:385 -> k
    3:8:void com.repocket.androidsdk.services.PeerService._resetPeer():440:445 -> k
    3:8:void onConnectionActive():386 -> k
    1:3:void onConnectionDeactivate():391:393 -> l
    1:3:void onSocketConnectionCloseDebounce():296:298 -> m
    1:8:void com.repocket.androidsdk.services.PeerService.deletePeer(boolean):468:475 -> n
    1:8:void onVpnActivated():364 -> n
    1:7:void registerEventListeners():310:316 -> o
    8:8:java.util.function.Consumer com.repocket.androidsdk.shared.EventHandler.addListener(java.util.function.Consumer):11:11 -> o
    8:8:void registerEventListeners():316 -> o
      # {"id":"com.android.tools.r8.rewriteFrame","conditions":["throws(Ljava/lang/NullPointerException;)"],"actions":["removeInnerFrames(1)"]}
    9:9:java.util.function.Consumer com.repocket.androidsdk.shared.EventHandler.addListener(java.util.function.Consumer):11:11 -> o
    9:9:void registerEventListeners():316 -> o
    1:6:void resetPeerDebounce():267:272 -> p
    1:1:void startConnectionMonitor():379:379 -> q
    2:2:void com.repocket.androidsdk.classes.ConnectionMonitor.init():23:23 -> q
    2:2:void startConnectionMonitor():379 -> q
    3:3:void startConnectionMonitor():380:380 -> q
    4:4:void com.repocket.androidsdk.classes.ConnectionMonitor.start(java.lang.Runnable,java.lang.Runnable):27:27 -> q
    4:4:void startConnectionMonitor():380 -> q
      # {"id":"com.android.tools.r8.rewriteFrame","conditions":["throws(Ljava/lang/NullPointerException;)"],"actions":["removeInnerFrames(1)"]}
    6:7:void com.repocket.androidsdk.classes.ConnectionMonitor.start(java.lang.Runnable,java.lang.Runnable):29:30 -> q
    6:7:void startConnectionMonitor():380 -> q
    1:3:void startPeerMonitor():368:370 -> r
    4:7:void com.repocket.androidsdk.classes.PeerMonitor.init(java.lang.String,java.lang.String,java.lang.String):28:31 -> r
    4:7:void startPeerMonitor():370 -> r
    8:8:void startPeerMonitor():371:371 -> r
    9:9:int com.repocket.androidsdk.services.PeerService$RemoteSettings.access$300(com.repocket.androidsdk.services.PeerService$RemoteSettings):512:512 -> r
    9:9:void startPeerMonitor():371 -> r
    10:10:void com.repocket.androidsdk.classes.PeerMonitor.start(java.lang.Runnable,java.lang.Runnable,java.lang.Runnable,int):36:36 -> r
    10:10:void startPeerMonitor():371 -> r
      # {"id":"com.android.tools.r8.rewriteFrame","conditions":["throws(Ljava/lang/NullPointerException;)"],"actions":["removeInnerFrames(1)"]}
    12:18:void com.repocket.androidsdk.classes.PeerMonitor.start(java.lang.Runnable,java.lang.Runnable,java.lang.Runnable,int):38:44 -> r
    12:18:void startPeerMonitor():371 -> r
    19:19:void com.repocket.androidsdk.classes.PeerMonitor.start(java.lang.Runnable,java.lang.Runnable,java.lang.Runnable,int):39:39 -> r
    19:19:void startPeerMonitor():371 -> r
    1:2:void startVpnWatcher():358:359 -> s
    3:3:void com.repocket.androidsdk.classes.VPNWatcher.init(java.lang.String,java.lang.String):22:22 -> s
    3:3:void startVpnWatcher():359 -> s
    4:4:void startVpnWatcher():360:360 -> s
    5:20:void com.repocket.androidsdk.classes.VPNWatcher.start(java.lang.Runnable):28:43 -> s
    5:20:void startVpnWatcher():360 -> s
com.repocket.androidsdk.services.PeerService$1 -> com.repocket.androidsdk.u:
# {"id":"sourceFile","fileName":"PeerService.java"}
    1:3:void <init>(com.repocket.androidsdk.services.PeerService):49:51 -> <init>
      # {"id":"com.android.tools.r8.residualsignature","signature":"()V"}
com.repocket.androidsdk.services.PeerService$2 -> com.repocket.androidsdk.v:
# {"id":"sourceFile","fileName":"PeerService.java"}
    1:8:void <init>(com.repocket.androidsdk.services.PeerService):64:71 -> <init>
      # {"id":"com.android.tools.r8.residualsignature","signature":"()V"}
com.repocket.androidsdk.services.PeerService$3 -> com.repocket.androidsdk.w:
# {"id":"sourceFile","fileName":"PeerService.java"}
    com.repocket.androidsdk.services.PeerService this$0 -> a
    1:1:void <init>(com.repocket.androidsdk.services.PeerService):111:111 -> <init>
      # {"id":"com.android.tools.r8.residualsignature","signature":"(Lcom/repocket/androidsdk/c0;)V"}
    1:1:void run():114:114 -> run
    2:2:void com.repocket.androidsdk.services.PeerService.access$000(com.repocket.androidsdk.services.PeerService):35:35 -> run
    2:2:void run():114 -> run
com.repocket.androidsdk.services.PeerService$4 -> com.repocket.androidsdk.y:
# {"id":"sourceFile","fileName":"PeerService.java"}
    com.repocket.androidsdk.types.Types$DeviceInfo val$deviceInfo -> a
    1:6:void <init>(com.repocket.androidsdk.services.PeerService,com.repocket.androidsdk.types.Types$IpInfo,java.lang.String,com.repocket.androidsdk.types.Types$DeviceInfo):151:156 -> <init>
      # {"id":"com.android.tools.r8.residualsignature","signature":"(Lcom/repocket/androidsdk/types/Types$IpInfo;Ljava/lang/String;Lcom/repocket/androidsdk/types/Types$DeviceInfo;)V"}
com.repocket.androidsdk.services.PeerService$4$1 -> com.repocket.androidsdk.x:
# {"id":"sourceFile","fileName":"PeerService.java"}
    1:13:void <init>(com.repocket.androidsdk.services.PeerService$4):156:168 -> <init>
      # {"id":"com.android.tools.r8.residualsignature","signature":"(Lcom/repocket/androidsdk/y;)V"}
com.repocket.androidsdk.services.PeerService$5 -> com.repocket.androidsdk.z:
# {"id":"sourceFile","fileName":"PeerService.java"}
    1:2:void <init>(com.repocket.androidsdk.services.PeerService):339:340 -> <init>
      # {"id":"com.android.tools.r8.residualsignature","signature":"(Lcom/repocket/androidsdk/c0;)V"}
com.repocket.androidsdk.services.PeerService$6 -> com.repocket.androidsdk.a0:
# {"id":"sourceFile","fileName":"PeerService.java"}
    1:2:void <init>(com.repocket.androidsdk.services.PeerService):498:499 -> <init>
      # {"id":"com.android.tools.r8.residualsignature","signature":"(Lcom/repocket/androidsdk/c0;)V"}
com.repocket.androidsdk.services.PeerService$RemoteSettings -> com.repocket.androidsdk.b0:
# {"id":"sourceFile","fileName":"PeerService.java"}
    int peerMonitorRate -> a
    1:1:void <init>(com.repocket.androidsdk.services.PeerService):512:512 -> <init>
      # {"id":"com.android.tools.r8.residualsignature","signature":"()V"}
    2:2:void <init>(com.repocket.androidsdk.services.PeerService,com.repocket.androidsdk.services.PeerService$1):512:512 -> <init>
      # {"id":"com.android.tools.r8.residualsignature","signature":"(I)V"}
    1:1:void setPeerMonitorRate(int):520:520 -> a
      # {"id":"com.android.tools.r8.residualsignature","signature":"()V"}
com.repocket.androidsdk.services.Services -> com.repocket.androidsdk.g0:
# {"id":"sourceFile","fileName":"Services.java"}
    com.repocket.androidsdk.services.ApiService MonitorApiService -> a
    com.repocket.androidsdk.services.ApiService PeerManagerApiService -> b
    1:1:void <clinit>():9:9 -> <clinit>
    2:2:com.repocket.androidsdk.types.Types$Config com.repocket.androidsdk.shared.Global.GetConfig(java.lang.String):59:59 -> <clinit>
    2:2:void <clinit>():9 -> <clinit>
    3:3:void <clinit>():9:9 -> <clinit>
    4:5:java.util.Map com.repocket.androidsdk.services.Services.getConfigMap(java.lang.String):13:14 -> <clinit>
    4:5:void <clinit>():9 -> <clinit>
    6:7:void <clinit>():9:10 -> <clinit>
    8:9:java.util.Map com.repocket.androidsdk.services.Services.getConfigMap(java.lang.String):13:14 -> <clinit>
    8:9:void <clinit>():10 -> <clinit>
    10:10:void <clinit>() -> <clinit>
com.repocket.androidsdk.shared.Callback -> com.repocket.androidsdk.b:
# {"id":"sourceFile","fileName":"Callback.java"}
    void call(java.lang.Object) -> a
com.repocket.androidsdk.shared.Debouncer -> com.repocket.androidsdk.f:
# {"id":"sourceFile","fileName":"Debouncer.java"}
    java.util.concurrent.ScheduledExecutorService sched -> a
    java.util.concurrent.ConcurrentHashMap delayedMap -> b
    com.repocket.androidsdk.shared.Callback callback -> c
    int interval -> d
    1:1:void <init>(com.repocket.androidsdk.shared.Callback,int):14:14 -> <init>
      # {"id":"com.android.tools.r8.residualsignature","signature":"(Lcom/repocket/androidsdk/b;I)V"}
    2:9:void <init>(com.repocket.androidsdk.shared.Callback,int):9:16 -> <init>
    1:8:void call(java.lang.Object):20:27 -> a
      # {"id":"com.android.tools.r8.residualsignature","signature":"(Ljava/lang/String;)V"}
com.repocket.androidsdk.shared.Debouncer$TimerTask -> com.repocket.androidsdk.e:
# {"id":"sourceFile","fileName":"Debouncer.java"}
    java.lang.Object key -> a
    long dueTime -> b
    java.lang.Object lock -> c
    com.repocket.androidsdk.shared.Debouncer this$0 -> d
    1:1:void <init>(com.repocket.androidsdk.shared.Debouncer,java.lang.Object):40:40 -> <init>
      # {"id":"com.android.tools.r8.residualsignature","signature":"(Lcom/repocket/androidsdk/f;Ljava/lang/String;)V"}
    2:6:void <init>(com.repocket.androidsdk.shared.Debouncer,java.lang.Object):38:42 -> <init>
    1:4:boolean extend():46:49 -> a
    5:5:int com.repocket.androidsdk.shared.Debouncer.access$000(com.repocket.androidsdk.shared.Debouncer):8:8 -> a
    5:5:boolean extend():49 -> a
    6:8:boolean extend():49:51 -> a
    1:4:void run():55:58 -> run
    5:5:java.util.concurrent.ScheduledExecutorService com.repocket.androidsdk.shared.Debouncer.access$100(com.repocket.androidsdk.shared.Debouncer):8:8 -> run
    5:5:void run():58 -> run
    6:10:void run():58:62 -> run
    11:11:com.repocket.androidsdk.shared.Callback com.repocket.androidsdk.shared.Debouncer.access$200(com.repocket.androidsdk.shared.Debouncer):8:8 -> run
    11:11:void run():62 -> run
    12:14:void run():62:64 -> run
    15:15:java.util.concurrent.ConcurrentHashMap com.repocket.androidsdk.shared.Debouncer.access$300(com.repocket.androidsdk.shared.Debouncer):8:8 -> run
    15:15:void run():64 -> run
    16:19:void run():64:67 -> run
    20:20:void run():64:64 -> run
    21:21:java.util.concurrent.ConcurrentHashMap com.repocket.androidsdk.shared.Debouncer.access$300(com.repocket.androidsdk.shared.Debouncer):8:8 -> run
    21:21:void run():64 -> run
    22:25:void run():64:67 -> run
com.repocket.androidsdk.shared.EventHandler -> com.repocket.androidsdk.g:
# {"id":"sourceFile","fileName":"EventHandler.java"}
    java.util.Set listeners -> a
    1:2:void <init>():7:8 -> <init>
    1:1:void broadcast(java.lang.Object):16:16 -> a
      # {"id":"com.android.tools.r8.residualsignature","signature":"(Ljava/io/Serializable;)V"}
    2:2:void lambda$broadcast$0(java.lang.Object,java.util.function.Consumer):16:16 -> a
com.repocket.androidsdk.shared.Global -> com.repocket.androidsdk.k:
# {"id":"sourceFile","fileName":"Global.java"}
    com.repocket.androidsdk.types.Types$RuntimeInfo _runtimeInfo -> a
    com.repocket.androidsdk.types.Types$Config Prod -> b
    1:23:void <clinit>():8:30 -> <clinit>
    1:1:com.repocket.androidsdk.types.Types$Config GetConfig(java.lang.String):59:59 -> a
      # {"id":"com.android.tools.r8.residualsignature","signature":"()Lcom/repocket/androidsdk/types/Types$Config;"}
    1:3:com.repocket.androidsdk.types.Types$RuntimeInfo GetRuntimeInfo():42:44 -> b
    4:4:boolean com.repocket.androidsdk.shared.Global.isMac():70:70 -> b
    4:4:com.repocket.androidsdk.types.Types$RuntimeInfo GetRuntimeInfo():45 -> b
    5:6:com.repocket.androidsdk.types.Types$RuntimeInfo GetRuntimeInfo():45:46 -> b
    7:7:boolean com.repocket.androidsdk.shared.Global.isDocker():74:74 -> b
    7:7:com.repocket.androidsdk.types.Types$RuntimeInfo GetRuntimeInfo():46 -> b
    8:9:com.repocket.androidsdk.types.Types$RuntimeInfo GetRuntimeInfo():46:47 -> b
    10:10:boolean com.repocket.androidsdk.shared.Global.isLinux():78:78 -> b
    10:10:com.repocket.androidsdk.types.Types$RuntimeInfo GetRuntimeInfo():47 -> b
    11:12:com.repocket.androidsdk.types.Types$RuntimeInfo GetRuntimeInfo():47:48 -> b
    13:13:boolean com.repocket.androidsdk.shared.Global.isWindows():82:82 -> b
    13:13:com.repocket.androidsdk.types.Types$RuntimeInfo GetRuntimeInfo():48 -> b
    14:15:com.repocket.androidsdk.types.Types$RuntimeInfo GetRuntimeInfo():48:49 -> b
    16:16:boolean com.repocket.androidsdk.shared.Global.isAndroid():86:86 -> b
    16:16:com.repocket.androidsdk.types.Types$RuntimeInfo GetRuntimeInfo():49 -> b
    17:21:com.repocket.androidsdk.types.Types$RuntimeInfo GetRuntimeInfo():49:53 -> b
com.repocket.androidsdk.shared.Global$1 -> com.repocket.androidsdk.h:
# {"id":"sourceFile","fileName":"Global.java"}
    1:9:void <init>():8:16 -> <init>
com.repocket.androidsdk.shared.Global$2 -> com.repocket.androidsdk.i:
# {"id":"sourceFile","fileName":"Global.java"}
    1:9:void <init>():19:27 -> <init>
com.repocket.androidsdk.shared.Global$3 -> com.repocket.androidsdk.j:
# {"id":"sourceFile","fileName":"Global.java"}
    1:9:void <init>():30:38 -> <init>
com.repocket.androidsdk.shared.MyPlayerPrefs -> com.repocket.androidsdk.n:
# {"id":"sourceFile","fileName":"MyPlayerPrefs.java"}
    java.util.concurrent.ConcurrentMap Preferences -> a
    1:1:void <clinit>():7:7 -> <clinit>
    1:1:void SetString(java.lang.String,java.lang.String):19:19 -> a
    2:3:java.lang.String GetString(java.lang.String):23:24 -> a
com.repocket.androidsdk.shared.NetworkCheck -> com.repocket.androidsdk.o:
# {"id":"sourceFile","fileName":"NetworkCheck.java"}
    android.content.Context context -> a
    android.net.ConnectivityManager connectivityManager -> b
    com.repocket.androidsdk.shared.NetworkCheck instance -> c
    1:1:void <init>():23:23 -> <init>
    1:7:boolean CheckMobile():51:57 -> a
    1:7:boolean CheckWifi():39:45 -> b
com.repocket.androidsdk.shared.Utils -> com.repocket.androidsdk.j0:
# {"id":"sourceFile","fileName":"Utils.java"}
    com.google.gson.Gson gson -> a
    1:1:void <clinit>():27:27 -> <clinit>
    1:17:java.lang.String getDeviceName(com.repocket.androidsdk.types.Types$RuntimeInfo):91:107 -> a
    18:34:java.lang.String getMacAddress():122:138 -> a
com.repocket.androidsdk.types.Types -> com.repocket.androidsdk.types.Types:
# {"id":"sourceFile","fileName":"Types.java"}
    1:1:void <init>():5:5 -> <init>
com.repocket.androidsdk.types.Types$Config -> com.repocket.androidsdk.types.Types$Config:
# {"id":"sourceFile","fileName":"Types.java"}
    1:1:void <init>():50:50 -> <init>
com.repocket.androidsdk.types.Types$CreatePeerDataField -> com.repocket.androidsdk.types.Types$CreatePeerDataField:
# {"id":"sourceFile","fileName":"Types.java"}
    1:1:void <init>():88:88 -> <init>
com.repocket.androidsdk.types.Types$CreatePeerResponse -> com.repocket.androidsdk.types.Types$CreatePeerResponse:
# {"id":"sourceFile","fileName":"Types.java"}
    1:1:void <init>():84:84 -> <init>
com.repocket.androidsdk.types.Types$DeviceInfo -> com.repocket.androidsdk.types.Types$DeviceInfo:
# {"id":"sourceFile","fileName":"Types.java"}
    1:11:void <init>(int,java.lang.String,java.lang.String,boolean,java.lang.String,java.lang.String,boolean,int,java.lang.String,java.lang.String):36:46 -> <init>
com.repocket.androidsdk.types.Types$IpInfo -> com.repocket.androidsdk.types.Types$IpInfo:
# {"id":"sourceFile","fileName":"Types.java"}
    1:1:void <init>(com.repocket.androidsdk.types.Types):101:101 -> <init>
com.repocket.androidsdk.types.Types$PeerConfigDataField -> com.repocket.androidsdk.types.Types$PeerConfigDataField:
# {"id":"sourceFile","fileName":"Types.java"}
    1:1:void <init>():80:80 -> <init>
com.repocket.androidsdk.types.Types$PeerConfigResponse -> com.repocket.androidsdk.types.Types$PeerConfigResponse:
# {"id":"sourceFile","fileName":"Types.java"}
    1:1:void <init>():76:76 -> <init>
com.repocket.androidsdk.types.Types$PeerMonitorApiDataField -> com.repocket.androidsdk.types.Types$PeerMonitorApiDataField:
# {"id":"sourceFile","fileName":"Types.java"}
    1:1:void <init>():71:71 -> <init>
com.repocket.androidsdk.types.Types$PeerMonitorApiResponse -> com.repocket.androidsdk.types.Types$PeerMonitorApiResponse:
# {"id":"sourceFile","fileName":"Types.java"}
    1:1:void <init>():67:67 -> <init>
com.repocket.androidsdk.types.Types$PeerTokenApiResponse -> com.repocket.androidsdk.types.Types$PeerTokenApiResponse:
# {"id":"sourceFile","fileName":"Types.java"}
    1:1:void <init>():61:61 -> <init>
com.repocket.androidsdk.types.Types$RuntimeInfo -> com.repocket.androidsdk.types.Types$RuntimeInfo:
# {"id":"sourceFile","fileName":"Types.java"}
    1:1:void <init>():11:11 -> <init>
com.repocket.androidsdk.types.Types$TcpServerInfo -> com.repocket.androidsdk.types.Types$TcpServerInfo:
# {"id":"sourceFile","fileName":"Types.java"}
    1:1:void <init>():95:95 -> <init>
